Traceback (most recent call last):
  File "C:\Users\HYPE AMD\AppData\Local\Programs\Python\Python311\Lib\site-packages\jupyter_cache\executors\utils.py", line 58, in single_nb_execution
    executenb(
  File "C:\Users\HYPE AMD\AppData\Roaming\Python\Python311\site-packages\nbclient\client.py", line 1323, in execute
    return NotebookClient(nb=nb, resources=resources, km=km, **kwargs).execute()
           ^^^^^^^^^^^^^^^^^^^^^^^^^^^^^^^^^^^^^^^^^^^^^^^^^^^^^^^^^^^^^^^^^^^^^
  File "C:\Users\HYPE AMD\AppData\Roaming\Python\Python311\site-packages\jupyter_core\utils\__init__.py", line 165, in wrapped
    return loop.run_until_complete(inner)
           ^^^^^^^^^^^^^^^^^^^^^^^^^^^^^^
  File "C:\Users\HYPE AMD\AppData\Local\Programs\Python\Python311\Lib\asyncio\base_events.py", line 654, in run_until_complete
    return future.result()
           ^^^^^^^^^^^^^^^
  File "C:\Users\HYPE AMD\AppData\Roaming\Python\Python311\site-packages\nbclient\client.py", line 709, in async_execute
    await self.async_execute_cell(
  File "C:\Users\HYPE AMD\AppData\Roaming\Python\Python311\site-packages\nbclient\client.py", line 1062, in async_execute_cell
    await self._check_raise_for_error(cell, cell_index, exec_reply)
  File "C:\Users\HYPE AMD\AppData\Roaming\Python\Python311\site-packages\nbclient\client.py", line 918, in _check_raise_for_error
    raise CellExecutionError.from_cell_and_msg(cell, exec_reply_content)
nbclient.exceptions.CellExecutionError: An error occurred while executing the following cell:
------------------
connection = openeo.connect("openeo.dataspace.copernicus.eu").authenticate_oidc()
------------------


[31m---------------------------------------------------------------------------[39m
[31mTimeoutError[39m                              Traceback (most recent call last)
[36mFile [39m[32m~\AppData\Roaming\Python\Python311\site-packages\urllib3\connection.py:204[39m, in [36mHTTPConnection._new_conn[39m[34m(self)[39m
[32m    203[39m [38;5;28;01mtry[39;00m:
[32m--> [39m[32m204[39m     sock = [43mconnection[49m[43m.[49m[43mcreate_connection[49m[43m([49m
[32m    205[39m [43m        [49m[43m([49m[38;5;28;43mself[39;49m[43m.[49m[43m_dns_host[49m[43m,[49m[43m [49m[38;5;28;43mself[39;49m[43m.[49m[43mport[49m[43m)[49m[43m,[49m
[32m    206[39m [43m        [49m[38;5;28;43mself[39;49m[43m.[49m[43mtimeout[49m[43m,[49m
[32m    207[39m [43m        [49m[43msource_address[49m[43m=[49m[38;5;28;43mself[39;49m[43m.[49m[43msource_address[49m[43m,[49m
[32m    208[39m [43m        [49m[43msocket_options[49m[43m=[49m[38;5;28;43mself[39;49m[43m.[49m[43msocket_options[49m[43m,[49m
[32m    209[39m [43m    [49m[43m)[49m
[32m    210[39m [38;5;28;01mexcept[39;00m socket.gaierror [38;5;28;01mas[39;00m e:

[36mFile [39m[32m~\AppData\Roaming\Python\Python311\site-packages\urllib3\util\connection.py:85[39m, in [36mcreate_connection[39m[34m(address, timeout, source_address, socket_options)[39m
[32m     84[39m [38;5;28;01mtry[39;00m:
[32m---> [39m[32m85[39m     [38;5;28;01mraise[39;00m err
[32m     86[39m [38;5;28;01mfinally[39;00m:
[32m     87[39m     [38;5;66;03m# Break explicitly a reference cycle[39;00m

[36mFile [39m[32m~\AppData\Roaming\Python\Python311\site-packages\urllib3\util\connection.py:73[39m, in [36mcreate_connection[39m[34m(address, timeout, source_address, socket_options)[39m
[32m     72[39m     sock.bind(source_address)
[32m---> [39m[32m73[39m [43msock[49m[43m.[49m[43mconnect[49m[43m([49m[43msa[49m[43m)[49m
[32m     74[39m [38;5;66;03m# Break explicitly a reference cycle[39;00m

[31mTimeoutError[39m: timed out

The above exception was the direct cause of the following exception:

[31mConnectTimeoutError[39m                       Traceback (most recent call last)
[36mFile [39m[32m~\AppData\Roaming\Python\Python311\site-packages\urllib3\connectionpool.py:787[39m, in [36mHTTPConnectionPool.urlopen[39m[34m(self, method, url, body, headers, retries, redirect, assert_same_host, timeout, pool_timeout, release_conn, chunked, body_pos, preload_content, decode_content, **response_kw)[39m
[32m    786[39m [38;5;66;03m# Make the request on the HTTPConnection object[39;00m
[32m--> [39m[32m787[39m response = [38;5;28;43mself[39;49m[43m.[49m[43m_make_request[49m[43m([49m
[32m    788[39m [43m    [49m[43mconn[49m[43m,[49m
[32m    789[39m [43m    [49m[43mmethod[49m[43m,[49m
[32m    790[39m [43m    [49m[43murl[49m[43m,[49m
[32m    791[39m [43m    [49m[43mtimeout[49m[43m=[49m[43mtimeout_obj[49m[43m,[49m
[32m    792[39m [43m    [49m[43mbody[49m[43m=[49m[43mbody[49m[43m,[49m
[32m    793[39m [43m    [49m[43mheaders[49m[43m=[49m[43mheaders[49m[43m,[49m
[32m    794[39m [43m    [49m[43mchunked[49m[43m=[49m[43mchunked[49m[43m,[49m
[32m    795[39m [43m    [49m[43mretries[49m[43m=[49m[43mretries[49m[43m,[49m
[32m    796[39m [43m    [49m[43mresponse_conn[49m[43m=[49m[43mresponse_conn[49m[43m,[49m
[32m    797[39m [43m    [49m[43mpreload_content[49m[43m=[49m[43mpreload_content[49m[43m,[49m
[32m    798[39m [43m    [49m[43mdecode_content[49m[43m=[49m[43mdecode_content[49m[43m,[49m
[32m    799[39m [43m    [49m[43m*[49m[43m*[49m[43mresponse_kw[49m[43m,[49m
[32m    800[39m [43m[49m[43m)[49m
[32m    802[39m [38;5;66;03m# Everything went great![39;00m

[36mFile [39m[32m~\AppData\Roaming\Python\Python311\site-packages\urllib3\connectionpool.py:488[39m, in [36mHTTPConnectionPool._make_request[39m[34m(self, conn, method, url, body, headers, retries, timeout, chunked, response_conn, preload_content, decode_content, enforce_content_length)[39m
[32m    487[39m         new_e = _wrap_proxy_error(new_e, conn.proxy.scheme)
[32m--> [39m[32m488[39m     [38;5;28;01mraise[39;00m new_e
[32m    490[39m [38;5;66;03m# conn.request() calls http.client.*.request, not the method in[39;00m
[32m    491[39m [38;5;66;03m# urllib3.request. It also calls makefile (recv) on the socket.[39;00m

[36mFile [39m[32m~\AppData\Roaming\Python\Python311\site-packages\urllib3\connectionpool.py:464[39m, in [36mHTTPConnectionPool._make_request[39m[34m(self, conn, method, url, body, headers, retries, timeout, chunked, response_conn, preload_content, decode_content, enforce_content_length)[39m
[32m    463[39m [38;5;28;01mtry[39;00m:
[32m--> [39m[32m464[39m     [38;5;28;43mself[39;49m[43m.[49m[43m_validate_conn[49m[43m([49m[43mconn[49m[43m)[49m
[32m    465[39m [38;5;28;01mexcept[39;00m (SocketTimeout, BaseSSLError) [38;5;28;01mas[39;00m e:

[36mFile [39m[32m~\AppData\Roaming\Python\Python311\site-packages\urllib3\connectionpool.py:1093[39m, in [36mHTTPSConnectionPool._validate_conn[39m[34m(self, conn)[39m
[32m   1092[39m [38;5;28;01mif[39;00m conn.is_closed:
[32m-> [39m[32m1093[39m     [43mconn[49m[43m.[49m[43mconnect[49m[43m([49m[43m)[49m
[32m   1095[39m [38;5;66;03m# TODO revise this, see https://github.com/urllib3/urllib3/issues/2791[39;00m

[36mFile [39m[32m~\AppData\Roaming\Python\Python311\site-packages\urllib3\connection.py:759[39m, in [36mHTTPSConnection.connect[39m[34m(self)[39m
[32m    758[39m sock: socket.socket | ssl.SSLSocket
[32m--> [39m[32m759[39m [38;5;28mself[39m.sock = sock = [38;5;28;43mself[39;49m[43m.[49m[43m_new_conn[49m[43m([49m[43m)[49m
[32m    760[39m server_hostname: [38;5;28mstr[39m = [38;5;28mself[39m.host

[36mFile [39m[32m~\AppData\Roaming\Python\Python311\site-packages\urllib3\connection.py:213[39m, in [36mHTTPConnection._new_conn[39m[34m(self)[39m
[32m    212[39m [38;5;28;01mexcept[39;00m SocketTimeout [38;5;28;01mas[39;00m e:
[32m--> [39m[32m213[39m     [38;5;28;01mraise[39;00m ConnectTimeoutError(
[32m    214[39m         [38;5;28mself[39m,
[32m    215[39m         [33mf[39m[33m"[39m[33mConnection to [39m[38;5;132;01m{[39;00m[38;5;28mself[39m.host[38;5;132;01m}[39;00m[33m timed out. (connect timeout=[39m[38;5;132;01m{[39;00m[38;5;28mself[39m.timeout[38;5;132;01m}[39;00m[33m)[39m[33m"[39m,
[32m    216[39m     ) [38;5;28;01mfrom[39;00m[38;5;250m [39m[34;01me[39;00m
[32m    218[39m [38;5;28;01mexcept[39;00m [38;5;167;01mOSError[39;00m [38;5;28;01mas[39;00m e:

[31mConnectTimeoutError[39m: (<HTTPSConnection(host='identity.dataspace.copernicus.eu', port=443) at 0x2a555df5bd0>, 'Connection to identity.dataspace.copernicus.eu timed out. (connect timeout=20)')

The above exception was the direct cause of the following exception:

[31mMaxRetryError[39m                             Traceback (most recent call last)
[36mFile [39m[32m~\AppData\Roaming\Python\Python311\site-packages\requests\adapters.py:644[39m, in [36mHTTPAdapter.send[39m[34m(self, request, stream, timeout, verify, cert, proxies)[39m
[32m    643[39m [38;5;28;01mtry[39;00m:
[32m--> [39m[32m644[39m     resp = [43mconn[49m[43m.[49m[43murlopen[49m[43m([49m
[32m    645[39m [43m        [49m[43mmethod[49m[43m=[49m[43mrequest[49m[43m.[49m[43mmethod[49m[43m,[49m
[32m    646[39m [43m        [49m[43murl[49m[43m=[49m[43murl[49m[43m,[49m
[32m    647[39m [43m        [49m[43mbody[49m[43m=[49m[43mrequest[49m[43m.[49m[43mbody[49m[43m,[49m
[32m    648[39m [43m        [49m[43mheaders[49m[43m=[49m[43mrequest[49m[43m.[49m[43mheaders[49m[43m,[49m
[32m    649[39m [43m        [49m[43mredirect[49m[43m=[49m[38;5;28;43;01mFalse[39;49;00m[43m,[49m
[32m    650[39m [43m        [49m[43massert_same_host[49m[43m=[49m[38;5;28;43;01mFalse[39;49;00m[43m,[49m
[32m    651[39m [43m        [49m[43mpreload_content[49m[43m=[49m[38;5;28;43;01mFalse[39;49;00m[43m,[49m
[32m    652[39m [43m        [49m[43mdecode_content[49m[43m=[49m[38;5;28;43;01mFalse[39;49;00m[43m,[49m
[32m    653[39m [43m        [49m[43mretries[49m[43m=[49m[38;5;28;43mself[39;49m[43m.[49m[43mmax_retries[49m[43m,[49m
[32m    654[39m [43m        [49m[43mtimeout[49m[43m=[49m[43mtimeout[49m[43m,[49m
[32m    655[39m [43m        [49m[43mchunked[49m[43m=[49m[43mchunked[49m[43m,[49m
[32m    656[39m [43m    [49m[43m)[49m
[32m    658[39m [38;5;28;01mexcept[39;00m (ProtocolError, [38;5;167;01mOSError[39;00m) [38;5;28;01mas[39;00m err:

[36mFile [39m[32m~\AppData\Roaming\Python\Python311\site-packages\urllib3\connectionpool.py:841[39m, in [36mHTTPConnectionPool.urlopen[39m[34m(self, method, url, body, headers, retries, redirect, assert_same_host, timeout, pool_timeout, release_conn, chunked, body_pos, preload_content, decode_content, **response_kw)[39m
[32m    839[39m     new_e = ProtocolError([33m"[39m[33mConnection aborted.[39m[33m"[39m, new_e)
[32m--> [39m[32m841[39m retries = [43mretries[49m[43m.[49m[43mincrement[49m[43m([49m
[32m    842[39m [43m    [49m[43mmethod[49m[43m,[49m[43m [49m[43murl[49m[43m,[49m[43m [49m[43merror[49m[43m=[49m[43mnew_e[49m[43m,[49m[43m [49m[43m_pool[49m[43m=[49m[38;5;28;43mself[39;49m[43m,[49m[43m [49m[43m_stacktrace[49m[43m=[49m[43msys[49m[43m.[49m[43mexc_info[49m[43m([49m[43m)[49m[43m[[49m[32;43m2[39;49m[43m][49m
[32m    843[39m [43m[49m[43m)[49m
[32m    844[39m retries.sleep()

[36mFile [39m[32m~\AppData\Roaming\Python\Python311\site-packages\urllib3\util\retry.py:535[39m, in [36mRetry.increment[39m[34m(self, method, url, response, error, _pool, _stacktrace)[39m
[32m    534[39m     reason = error [38;5;129;01mor[39;00m ResponseError(cause)
[32m--> [39m[32m535[39m     [38;5;28;01mraise[39;00m MaxRetryError(_pool, url, reason) [38;5;28;01mfrom[39;00m[38;5;250m [39m[34;01mreason[39;00m  [38;5;66;03m# type: ignore[arg-type][39;00m
[32m    537[39m log.debug([33m"[39m[33mIncremented Retry for (url=[39m[33m'[39m[38;5;132;01m%s[39;00m[33m'[39m[33m): [39m[38;5;132;01m%r[39;00m[33m"[39m, url, new_retry)

[31mMaxRetryError[39m: HTTPSConnectionPool(host='identity.dataspace.copernicus.eu', port=443): Max retries exceeded with url: /auth/realms/CDSE/.well-known/openid-configuration (Caused by ConnectTimeoutError(<HTTPSConnection(host='identity.dataspace.copernicus.eu', port=443) at 0x2a555df5bd0>, 'Connection to identity.dataspace.copernicus.eu timed out. (connect timeout=20)'))

During handling of the above exception, another exception occurred:

[31mConnectTimeout[39m                            Traceback (most recent call last)
[36mFile [39m[32m~\AppData\Local\Programs\Python\Python311\Lib\site-packages\openeo\rest\auth\oidc.py:276[39m, in [36mOidcProviderInfo.__init__[39m[34m(self, issuer, discovery_url, scopes, provider_id, title, default_clients, requests_session, authorization_parameters)[39m
[32m    275[39m [38;5;28;01mtry[39;00m:
[32m--> [39m[32m276[39m     discovery_resp = [43mrequests_session[49m[43m.[49m[43mget[49m[43m([49m[38;5;28;43mself[39;49m[43m.[49m[43mdiscovery_url[49m[43m,[49m[43m [49m[43mtimeout[49m[43m=[49m[32;43m20[39;49m[43m)[49m
[32m    277[39m     discovery_resp.raise_for_status()

[36mFile [39m[32m~\AppData\Roaming\Python\Python311\site-packages\requests\sessions.py:602[39m, in [36mSession.get[39m[34m(self, url, **kwargs)[39m
[32m    601[39m kwargs.setdefault([33m"[39m[33mallow_redirects[39m[33m"[39m, [38;5;28;01mTrue[39;00m)
[32m--> [39m[32m602[39m [38;5;28;01mreturn[39;00m [38;5;28;43mself[39;49m[43m.[49m[43mrequest[49m[43m([49m[33;43m"[39;49m[33;43mGET[39;49m[33;43m"[39;49m[43m,[49m[43m [49m[43murl[49m[43m,[49m[43m [49m[43m*[49m[43m*[49m[43mkwargs[49m[43m)[49m

[36mFile [39m[32m~\AppData\Roaming\Python\Python311\site-packages\requests\sessions.py:589[39m, in [36mSession.request[39m[34m(self, method, url, params, data, headers, cookies, files, auth, timeout, allow_redirects, proxies, hooks, stream, verify, cert, json)[39m
[32m    588[39m send_kwargs.update(settings)
[32m--> [39m[32m589[39m resp = [38;5;28;43mself[39;49m[43m.[49m[43msend[49m[43m([49m[43mprep[49m[43m,[49m[43m [49m[43m*[49m[43m*[49m[43msend_kwargs[49m[43m)[49m
[32m    591[39m [38;5;28;01mreturn[39;00m resp

[36mFile [39m[32m~\AppData\Roaming\Python\Python311\site-packages\requests\sessions.py:703[39m, in [36mSession.send[39m[34m(self, request, **kwargs)[39m
[32m    702[39m [38;5;66;03m# Send the request[39;00m
[32m--> [39m[32m703[39m r = [43madapter[49m[43m.[49m[43msend[49m[43m([49m[43mrequest[49m[43m,[49m[43m [49m[43m*[49m[43m*[49m[43mkwargs[49m[43m)[49m
[32m    705[39m [38;5;66;03m# Total elapsed time of the request (approximately)[39;00m

[36mFile [39m[32m~\AppData\Roaming\Python\Python311\site-packages\requests\adapters.py:665[39m, in [36mHTTPAdapter.send[39m[34m(self, request, stream, timeout, verify, cert, proxies)[39m
[32m    664[39m     [38;5;28;01mif[39;00m [38;5;129;01mnot[39;00m [38;5;28misinstance[39m(e.reason, NewConnectionError):
[32m--> [39m[32m665[39m         [38;5;28;01mraise[39;00m ConnectTimeout(e, request=request)
[32m    667[39m [38;5;28;01mif[39;00m [38;5;28misinstance[39m(e.reason, ResponseError):

[31mConnectTimeout[39m: HTTPSConnectionPool(host='identity.dataspace.copernicus.eu', port=443): Max retries exceeded with url: /auth/realms/CDSE/.well-known/openid-configuration (Caused by ConnectTimeoutError(<HTTPSConnection(host='identity.dataspace.copernicus.eu', port=443) at 0x2a555df5bd0>, 'Connection to identity.dataspace.copernicus.eu timed out. (connect timeout=20)'))

The above exception was the direct cause of the following exception:

[31mOidcException[39m                             Traceback (most recent call last)
[36mCell[39m[36m [39m[32mIn[3][39m[32m, line 1[39m
[32m----> [39m[32m1[39m connection = [43mopeneo[49m[43m.[49m[43mconnect[49m[43m([49m[33;43m"[39;49m[33;43mopeneo.dataspace.copernicus.eu[39;49m[33;43m"[39;49m[43m)[49m[43m.[49m[43mauthenticate_oidc[49m[43m([49m[43m)[49m

[36mFile [39m[32m~\AppData\Local\Programs\Python\Python311\Lib\site-packages\openeo\rest\connection.py:662[39m, in [36mConnection.authenticate_oidc[39m[34m(self, provider_id, client_id, client_secret, store_refresh_token, use_pkce, display, max_poll_time)[39m
[32m    659[39m     [38;5;28;01mraise[39;00m [38;5;167;01mValueError[39;00m([33mf[39m[33m"[39m[33mUnhandled auth method [39m[38;5;132;01m{[39;00mauth_method[38;5;132;01m}[39;00m[33m"[39m)
[32m    661[39m _g = DefaultOidcClientGrant  [38;5;66;03m# alias for compactness[39;00m
[32m--> [39m[32m662[39m provider_id, client_info = [38;5;28;43mself[39;49m[43m.[49m[43m_get_oidc_provider_and_client_info[49m[43m([49m
[32m    663[39m [43m    [49m[43mprovider_id[49m[43m=[49m[43mprovider_id[49m[43m,[49m[43m [49m[43mclient_id[49m[43m=[49m[43mclient_id[49m[43m,[49m[43m [49m[43mclient_secret[49m[43m=[49m[43mclient_secret[49m[43m,[49m
[32m    664[39m [43m    [49m[43mdefault_client_grant_check[49m[43m=[49m[38;5;28;43;01mlambda[39;49;00m[43m [49m[43mgrants[49m[43m:[49m[43m [49m[43m([49m
[32m    665[39m [43m            [49m[43m_g[49m[43m.[49m[43mREFRESH_TOKEN[49m[43m [49m[38;5;129;43;01min[39;49;00m[43m [49m[43mgrants[49m[43m [49m[38;5;129;43;01mand[39;49;00m[43m [49m[43m([49m[43m_g[49m[43m.[49m[43mDEVICE_CODE[49m[43m [49m[38;5;129;43;01min[39;49;00m[43m [49m[43mgrants[49m[43m [49m[38;5;129;43;01mor[39;49;00m[43m [49m[43m_g[49m[43m.[49m[43mDEVICE_CODE_PKCE[49m[43m [49m[38;5;129;43;01min[39;49;00m[43m [49m[43mgrants[49m[43m)[49m
[32m    666[39m [43m    [49m[43m)[49m
[32m    667[39m [43m[49m[43m)[49m
[32m    669[39m [38;5;66;03m# Try refresh token first.[39;00m
[32m    670[39m refresh_token = [38;5;28mself[39m._get_refresh_token_store().get_refresh_token(
[32m    671[39m     issuer=client_info.provider.issuer,
[32m    672[39m     client_id=client_info.client_id
[32m    673[39m )

[36mFile [39m[32m~\AppData\Local\Programs\Python\Python311\Lib\site-packages\openeo\rest\connection.py:375[39m, in [36mConnection._get_oidc_provider_and_client_info[39m[34m(self, provider_id, client_id, client_secret, default_client_grant_check)[39m
[32m    360[39m [38;5;28;01mdef[39;00m[38;5;250m [39m[34m_get_oidc_provider_and_client_info[39m(
[32m    361[39m     [38;5;28mself[39m,
[32m    362[39m     provider_id: [38;5;28mstr[39m,
[32m   (...)[39m[32m    365[39m     default_client_grant_check: Union[[38;5;28;01mNone[39;00m, GrantsChecker] = [38;5;28;01mNone[39;00m,
[32m    366[39m ) -> Tuple[[38;5;28mstr[39m, OidcClientInfo]:
[32m    367[39m [38;5;250m    [39m[33;03m"""[39;00m
[32m    368[39m [33;03m    Resolve provider_id and client info (as given or from config)[39;00m
[32m    369[39m 
[32m   (...)[39m[32m    373[39m [33;03m    :return: OIDC provider id and client info[39;00m
[32m    374[39m [33;03m    """[39;00m
[32m--> [39m[32m375[39m     provider_id, provider = [38;5;28;43mself[39;49m[43m.[49m[43m_get_oidc_provider[49m[43m([49m[43mprovider_id[49m[43m)[49m
[32m    377[39m     [38;5;28;01mif[39;00m client_id [38;5;129;01mis[39;00m [38;5;28;01mNone[39;00m:
[32m    378[39m         _log.debug([33m"[39m[33mNo client_id: checking config for preferred client_id[39m[33m"[39m)

[36mFile [39m[32m~\AppData\Local\Programs\Python\Python311\Lib\site-packages\openeo\rest\connection.py:356[39m, in [36mConnection._get_oidc_provider[39m[34m(self, provider_id, parse_info)[39m
[32m    351[39m         provider_id, provider = providers.popitem(last=[38;5;28;01mFalse[39;00m)
[32m    352[39m         _log.info(
[32m    353[39m             [33mf[39m[33m"[39m[33mNo OIDC provider given. Using first provider [39m[38;5;132;01m{[39;00mprovider_id[38;5;132;01m!r}[39;00m[33m as advertised by backend.[39m[33m"[39m
[32m    354[39m         )
[32m--> [39m[32m356[39m provider_info = [43mOidcProviderInfo[49m[43m.[49m[43mfrom_dict[49m[43m([49m[43mprovider[49m[43m)[49m [38;5;28;01mif[39;00m parse_info [38;5;28;01melse[39;00m [38;5;28;01mNone[39;00m
[32m    358[39m [38;5;28;01mreturn[39;00m provider_id, provider_info

[36mFile [39m[32m~\AppData\Local\Programs\Python\Python311\Lib\site-packages\openeo\rest\auth\oidc.py:291[39m, in [36mOidcProviderInfo.from_dict[39m[34m(cls, data)[39m
[32m    289[39m [38;5;129m@classmethod[39m
[32m    290[39m [38;5;28;01mdef[39;00m[38;5;250m [39m[34mfrom_dict[39m([38;5;28mcls[39m, data: [38;5;28mdict[39m) -> OidcProviderInfo:
[32m--> [39m[32m291[39m     [38;5;28;01mreturn[39;00m [38;5;28;43mcls[39;49m[43m([49m
[32m    292[39m [43m        [49m[43mprovider_id[49m[43m=[49m[43mdata[49m[43m[[49m[33;43m"[39;49m[33;43mid[39;49m[33;43m"[39;49m[43m][49m[43m,[49m
[32m    293[39m [43m        [49m[43mtitle[49m[43m=[49m[43mdata[49m[43m[[49m[33;43m"[39;49m[33;43mtitle[39;49m[33;43m"[39;49m[43m][49m[43m,[49m
[32m    294[39m [43m        [49m[43missuer[49m[43m=[49m[43mdata[49m[43m[[49m[33;43m"[39;49m[33;43missuer[39;49m[33;43m"[39;49m[43m][49m[43m,[49m
[32m    295[39m [43m        [49m[43mscopes[49m[43m=[49m[43mdata[49m[43m.[49m[43mget[49m[43m([49m[33;43m"[39;49m[33;43mscopes[39;49m[33;43m"[39;49m[43m)[49m[43m,[49m
[32m    296[39m [43m        [49m[43mdefault_clients[49m[43m=[49m[43mdata[49m[43m.[49m[43mget[49m[43m([49m[33;43m"[39;49m[33;43mdefault_clients[39;49m[33;43m"[39;49m[43m)[49m[43m,[49m
[32m    297[39m [43m        [49m[43mauthorization_parameters[49m[43m=[49m[43mdata[49m[43m.[49m[43mget[49m[43m([49m[33;43m"[39;49m[33;43mauthorization_parameters[39;49m[33;43m"[39;49m[43m)[49m[43m,[49m
[32m    298[39m [43m    [49m[43m)[49m

[36mFile [39m[32m~\AppData\Local\Programs\Python\Python311\Lib\site-packages\openeo\rest\auth\oidc.py:280[39m, in [36mOidcProviderInfo.__init__[39m[34m(self, issuer, discovery_url, scopes, provider_id, title, default_clients, requests_session, authorization_parameters)[39m
[32m    278[39m     [38;5;28mself[39m.config = discovery_resp.json()
[32m    279[39m [38;5;28;01mexcept[39;00m [38;5;167;01mException[39;00m [38;5;28;01mas[39;00m e:
[32m--> [39m[32m280[39m     [38;5;28;01mraise[39;00m OidcException([33mf[39m[33m"[39m[33mFailed to obtain OIDC discovery document from [39m[38;5;132;01m{[39;00m[38;5;28mself[39m.discovery_url[38;5;132;01m!r}[39;00m[33m: [39m[38;5;132;01m{[39;00me[38;5;132;01m!r}[39;00m[33m"[39m) [38;5;28;01mfrom[39;00m[38;5;250m [39m[34;01me[39;00m
[32m    281[39m [38;5;28mself[39m.issuer = issuer [38;5;129;01mor[39;00m [38;5;28mself[39m.config[[33m"[39m[33missuer[39m[33m"[39m]
[32m    282[39m [38;5;66;03m# Minimal set of scopes to request[39;00m

[31mOidcException[39m: Failed to obtain OIDC discovery document from 'https://identity.dataspace.copernicus.eu/auth/realms/CDSE/.well-known/openid-configuration': ConnectTimeout(MaxRetryError("HTTPSConnectionPool(host='identity.dataspace.copernicus.eu', port=443): Max retries exceeded with url: /auth/realms/CDSE/.well-known/openid-configuration (Caused by ConnectTimeoutError(<HTTPSConnection(host='identity.dataspace.copernicus.eu', port=443) at 0x2a555df5bd0>, 'Connection to identity.dataspace.copernicus.eu timed out. (connect timeout=20)'))"))

