Traceback (most recent call last):
  File "C:\Users\HYPE AMD\AppData\Local\Programs\Python\Python311\Lib\site-packages\jupyter_cache\executors\utils.py", line 58, in single_nb_execution
    executenb(
  File "C:\Users\HYPE AMD\AppData\Roaming\Python\Python311\site-packages\nbclient\client.py", line 1323, in execute
    return NotebookClient(nb=nb, resources=resources, km=km, **kwargs).execute()
           ^^^^^^^^^^^^^^^^^^^^^^^^^^^^^^^^^^^^^^^^^^^^^^^^^^^^^^^^^^^^^^^^^^^^^
  File "C:\Users\HYPE AMD\AppData\Roaming\Python\Python311\site-packages\jupyter_core\utils\__init__.py", line 165, in wrapped
    return loop.run_until_complete(inner)
           ^^^^^^^^^^^^^^^^^^^^^^^^^^^^^^
  File "C:\Users\HYPE AMD\AppData\Local\Programs\Python\Python311\Lib\asyncio\base_events.py", line 654, in run_until_complete
    return future.result()
           ^^^^^^^^^^^^^^^
  File "C:\Users\HYPE AMD\AppData\Roaming\Python\Python311\site-packages\nbclient\client.py", line 709, in async_execute
    await self.async_execute_cell(
  File "C:\Users\HYPE AMD\AppData\Roaming\Python\Python311\site-packages\nbclient\client.py", line 1062, in async_execute_cell
    await self._check_raise_for_error(cell, cell_index, exec_reply)
  File "C:\Users\HYPE AMD\AppData\Roaming\Python\Python311\site-packages\nbclient\client.py", line 918, in _check_raise_for_error
    raise CellExecutionError.from_cell_and_msg(cell, exec_reply_content)
nbclient.exceptions.CellExecutionError: An error occurred while executing the following cell:
------------------
# 2. Fungsi untuk menghitung ringkasan statistik deskriptif sesuai metrik KNIME
def generate_descriptive_stats(data, cols):
    results = []
    for col in cols:
        series = data[col]
        valid = series.dropna()
        
        # Komputasi metrik
        res = {
            "Variable": col,
            "Min": series.min(),
            "Max": series.max(),
            "Mean": series.mean(),
            "Median": series.median(),
            "Std. Deviation": series.std(ddof=1),
            "Variance": series.var(ddof=1),
            "Skewness": skew(valid, bias=False) if len(valid) > 2 else np.nan,
            "Kurtosis (Excess)": kurtosis(valid, bias=False) if len(valid) > 3 else np.nan,
            "Overall Sum": series.sum(),
            "No. missings": series.isna().sum(),
            "No. NaNs": np.isnan(series).sum(),
            "No. +infs": np.isposinf(series).sum(),
            "No. -infs": np.isneginf(series).sum()
        }
        results.append(res)
    return pd.DataFrame(results)

# Hitung metrik polutan jika kolom tersedia
pollutants = [col for col in ['NO2', 'CO', 'SO2', 'O3', 'no2', 'co', 'so2', 'o3'] if col in df.columns]
if pollutants:
    stats_df = generate_descriptive_stats(df, pollutants)
    display(stats_df)
else:
    print("Kolom polutan tidak terdeteksi dalam DataFrame.")
------------------


[31m----------------------------------------------------------[39m
[31mNameError[39m                Traceback (most recent call last)
[36mCell[39m[36m [39m[32mIn[2][39m[32m, line 29[39m
[32m     26[39m     [38;5;28;01mreturn[39;00m pd.DataFrame(results)
[32m     28[39m [38;5;66;03m# Hitung metrik polutan jika kolom tersedia[39;00m
[32m---> [39m[32m29[39m pollutants = [43m[[49m[43mcol[49m[43m [49m[38;5;28;43;01mfor[39;49;00m[43m [49m[43mcol[49m[43m [49m[38;5;129;43;01min[39;49;00m[43m [49m[43m[[49m[33;43m'[39;49m[33;43mNO2[39;49m[33;43m'[39;49m[43m,[49m[43m [49m[33;43m'[39;49m[33;43mCO[39;49m[33;43m'[39;49m[43m,[49m[43m [49m[33;43m'[39;49m[33;43mSO2[39;49m[33;43m'[39;49m[43m,[49m[43m [49m[33;43m'[39;49m[33;43mO3[39;49m[33;43m'[39;49m[43m,[49m[43m [49m[33;43m'[39;49m[33;43mno2[39;49m[33;43m'[39;49m[43m,[49m[43m [49m[33;43m'[39;49m[33;43mco[39;49m[33;43m'[39;49m[43m,[49m[43m [49m[33;43m'[39;49m[33;43mso2[39;49m[33;43m'[39;49m[43m,[49m[43m [49m[33;43m'[39;49m[33;43mo3[39;49m[33;43m'[39;49m[43m][49m[43m [49m[38;5;28;43;01mif[39;49;00m[43m [49m[43mcol[49m[43m [49m[38;5;129;43;01min[39;49;00m[43m [49m[43mdf[49m[43m.[49m[43mcolumns[49m[43m][49m
[32m     30[39m [38;5;28;01mif[39;00m pollutants:
[32m     31[39m     stats_df = generate_descriptive_stats(df, pollutants)

[36mCell[39m[36m [39m[32mIn[2][39m[32m, line 29[39m, in [36m<listcomp>[39m[34m(.0)[39m
[32m     26[39m     [38;5;28;01mreturn[39;00m pd.DataFrame(results)
[32m     28[39m [38;5;66;03m# Hitung metrik polutan jika kolom tersedia[39;00m
[32m---> [39m[32m29[39m pollutants = [col [38;5;28;01mfor[39;00m col [38;5;129;01min[39;00m [[33m'[39m[33mNO2[39m[33m'[39m, [33m'[39m[33mCO[39m[33m'[39m, [33m'[39m[33mSO2[39m[33m'[39m, [33m'[39m[33mO3[39m[33m'[39m, [33m'[39m[33mno2[39m[33m'[39m, [33m'[39m[33mco[39m[33m'[39m, [33m'[39m[33mso2[39m[33m'[39m, [33m'[39m[33mo3[39m[33m'[39m] [38;5;28;01mif[39;00m col [38;5;129;01min[39;00m [43mdf[49m.columns]
[32m     30[39m [38;5;28;01mif[39;00m pollutants:
[32m     31[39m     stats_df = generate_descriptive_stats(df, pollutants)

[31mNameError[39m: name 'df' is not defined

