Traceback (most recent call last):
  File "C:\Users\HYPE AMD\AppData\Local\Programs\Python\Python311\Lib\site-packages\jupyter_cache\executors\utils.py", line 58, in single_nb_execution
    executenb(
  File "C:\Users\HYPE AMD\AppData\Roaming\Python\Python311\site-packages\nbclient\client.py", line 1323, in execute
    return NotebookClient(nb=nb, resources=resources, km=km, **kwargs).execute()
           ^^^^^^^^^^^^^^^^^^^^^^^^^^^^^^^^^^^^^^^^^^^^^^^^^^^^^^^^^^^^^^^^^^^^^
  File "C:\Users\HYPE AMD\AppData\Roaming\Python\Python311\site-packages\jupyter_core\utils\__init__.py", line 165, in wrapped
    return loop.run_until_complete(inner)
           ^^^^^^^^^^^^^^^^^^^^^^^^^^^^^^
  File "C:\Users\HYPE AMD\AppData\Local\Programs\Python\Python311\Lib\asyncio\base_events.py", line 654, in run_until_complete
    return future.result()
           ^^^^^^^^^^^^^^^
  File "C:\Users\HYPE AMD\AppData\Roaming\Python\Python311\site-packages\nbclient\client.py", line 709, in async_execute
    await self.async_execute_cell(
  File "C:\Users\HYPE AMD\AppData\Roaming\Python\Python311\site-packages\nbclient\client.py", line 1062, in async_execute_cell
    await self._check_raise_for_error(cell, cell_index, exec_reply)
  File "C:\Users\HYPE AMD\AppData\Roaming\Python\Python311\site-packages\nbclient\client.py", line 918, in _check_raise_for_error
    raise CellExecutionError.from_cell_and_msg(cell, exec_reply_content)
nbclient.exceptions.CellExecutionError: An error occurred while executing the following cell:
------------------
import geopandas as gpd
import openeo
import pandas as pd

# ==============================================================================
# 1. BACA KEDUA FILE ZIP (SAWAH & NON-SAWAH) DAN BERI LABEL OTOMATIS
# ==============================================================================
# Sesuaikan nama file zip non-sawah milikmu di baris kedua
gdf_sawah = gpd.read_file("./sawah.zip").to_crs("EPSG:4326")
gdf_nonsawah = gpd.read_file("./non-sawah.zip").to_crs("EPSG:4326")

# Beri kolom label secara otomatis
gdf_sawah["label_teks"] = "Sawah"
gdf_sawah["label"] = 1

gdf_nonsawah["label_teks"] = "Non-Sawah"
gdf_nonsawah["label"] = 0

# Gabungkan keduanya menjadi 1 GeoDataFrame (50 + 50 = 100 sampel)
gdf_gabungan = gpd.GeoDataFrame(
    pd.concat([gdf_sawah, gdf_nonsawah], ignore_index=True), crs="EPSG:4326"
)

print(f"Jumlah sampel Sawah     : {len(gdf_sawah)}")
print(f"Jumlah sampel Non-Sawah : {len(gdf_nonsawah)}")
print(f"Total sampel gabungan   : {len(gdf_gabungan)}")

# ==============================================================================
# 2. AMBIL BATAS KOORDINAT GABUNGAN (BOUNDING BOX) UNTUK OPENEO
# ==============================================================================
minx, miny, maxx, maxy = gdf_gabungan.total_bounds
buffer_deg = 0.005  # Tambahan margin ~500 meter agar titik di tepi tetap masuk

bbox = {
    "west": float(minx - buffer_deg),
    "south": float(miny - buffer_deg),
    "east": float(maxx + buffer_deg),
    "north": float(maxy + buffer_deg),
}
print("Bounding Box Gabungan:", bbox)

# ==============================================================================
# 3. KONEKSI KE OPENEO & UNDUH SENTINEL-2A FORMAT GEOTIFF (.tif)
# ==============================================================================
conn = openeo.connect("openeo.dataspace.copernicus.eu")
conn.authenticate_oidc()

datacube = conn.load_collection(
    "SENTINEL2_L2A",
    spatial_extent=bbox,
    temporal_extent=["2026-05-01", "2026-09-30"],  # Rentang waktu minim awan
    bands=[
        "B02",
        "B03",
        "B04",
        "B08",
        "B11",
    ],  # Blue, Green, Red, NIR, SWIR
    max_cloud_cover=10,
)

# Ambil median waktu agar bebas tutupan awan
composite_s2 = datacube.median_time()

# Unduh menjadi file GeoTIFF (.tif)
nama_tif = "sentinel2_sawah_nonsawah.tif"
print("Mengunduh citra Sentinel-2A (.tif)...")
composite_s2.download(nama_tif, format="GTiff")
print(f"Berhasil diunduh: {nama_tif}")
------------------


[31m---------------------------------------------------------------------------[39m
[31mDataSourceError[39m                           Traceback (most recent call last)
[36mCell[39m[36m [39m[32mIn[5][39m[32m, line 9[39m
[32m      3[39m [38;5;28;01mimport[39;00m[38;5;250m [39m[34;01mpandas[39;00m[38;5;250m [39m[38;5;28;01mas[39;00m[38;5;250m [39m[34;01mpd[39;00m
[32m      5[39m [38;5;66;03m# ==============================================================================[39;00m
[32m      6[39m [38;5;66;03m# 1. BACA KEDUA FILE ZIP (SAWAH & NON-SAWAH) DAN BERI LABEL OTOMATIS[39;00m
[32m      7[39m [38;5;66;03m# ==============================================================================[39;00m
[32m      8[39m [38;5;66;03m# Sesuaikan nama file zip non-sawah milikmu di baris kedua[39;00m
[32m----> [39m[32m9[39m gdf_sawah = [43mgpd[49m[43m.[49m[43mread_file[49m[43m([49m[33;43m"[39;49m[33;43m./sawah.zip[39;49m[33;43m"[39;49m[43m)[49m.to_crs([33m"[39m[33mEPSG:4326[39m[33m"[39m)
[32m     10[39m gdf_nonsawah = gpd.read_file([33m"[39m[33m./non-sawah.zip[39m[33m"[39m).to_crs([33m"[39m[33mEPSG:4326[39m[33m"[39m)
[32m     12[39m [38;5;66;03m# Beri kolom label secara otomatis[39;00m

[36mFile [39m[32m~\AppData\Local\Programs\Python\Python311\Lib\site-packages\geopandas\io\file.py:316[39m, in [36m_read_file[39m[34m(filename, bbox, mask, columns, rows, engine, **kwargs)[39m
[32m    313[39m             filename = response.read()
[32m    315[39m [38;5;28;01mif[39;00m engine == [33m"[39m[33mpyogrio[39m[33m"[39m:
[32m--> [39m[32m316[39m     [38;5;28;01mreturn[39;00m [43m_read_file_pyogrio[49m[43m([49m
[32m    317[39m [43m        [49m[43mfilename[49m[43m,[49m[43m [49m[43mbbox[49m[43m=[49m[43mbbox[49m[43m,[49m[43m [49m[43mmask[49m[43m=[49m[43mmask[49m[43m,[49m[43m [49m[43mcolumns[49m[43m=[49m[43mcolumns[49m[43m,[49m[43m [49m[43mrows[49m[43m=[49m[43mrows[49m[43m,[49m[43m [49m[43m*[49m[43m*[49m[43mkwargs[49m
[32m    318[39m [43m    [49m[43m)[49m
[32m    320[39m [38;5;28;01melif[39;00m engine == [33m"[39m[33mfiona[39m[33m"[39m:
[32m    321[39m     [38;5;28;01mif[39;00m pd.api.types.is_file_like(filename):

[36mFile [39m[32m~\AppData\Local\Programs\Python\Python311\Lib\site-packages\geopandas\io\file.py:576[39m, in [36m_read_file_pyogrio[39m[34m(path_or_bytes, bbox, mask, rows, **kwargs)[39m
[32m    567[39m     warnings.warn(
[32m    568[39m         [33m"[39m[33mThe [39m[33m'[39m[33minclude_fields[39m[33m'[39m[33m and [39m[33m'[39m[33mignore_fields[39m[33m'[39m[33m keywords are deprecated, and [39m[33m"[39m
[32m    569[39m         [33m"[39m[33mwill be removed in a future release. You can use the [39m[33m'[39m[33mcolumns[39m[33m'[39m[33m keyword [39m[33m"[39m
[32m   (...)[39m[32m    572[39m         stacklevel=[32m3[39m,
[32m    573[39m     )
[32m    574[39m     kwargs[[33m"[39m[33mcolumns[39m[33m"[39m] = kwargs.pop([33m"[39m[33minclude_fields[39m[33m"[39m)
[32m--> [39m[32m576[39m [38;5;28;01mreturn[39;00m [43mpyogrio[49m[43m.[49m[43mread_dataframe[49m[43m([49m[43mpath_or_bytes[49m[43m,[49m[43m [49m[43mbbox[49m[43m=[49m[43mbbox[49m[43m,[49m[43m [49m[43m*[49m[43m*[49m[43mkwargs[49m[43m)[49m

[36mFile [39m[32m~\AppData\Local\Programs\Python\Python311\Lib\site-packages\pyogrio\geopandas.py:382[39m, in [36mread_dataframe[39m[34m(path_or_buffer, layer, encoding, columns, read_geometry, force_2d, skip_features, max_features, where, bbox, mask, fids, sql, sql_dialect, fid_as_index, use_arrow, on_invalid, arrow_to_pandas_kwargs, datetime_as_string, mixed_offsets_as_utc, **kwargs)[39m
[32m    374[39m gdal_force_2d = [38;5;28;01mFalse[39;00m [38;5;28;01mif[39;00m use_arrow [38;5;28;01melse[39;00m force_2d
[32m    376[39m [38;5;66;03m# Always read datetimes as string values to preserve (mixed) time zone info[39;00m
[32m    377[39m [38;5;66;03m# correctly. If arrow is not used, it is needed because numpy does not[39;00m
[32m    378[39m [38;5;66;03m# directly support time zones + performance is also a lot better. If arrow[39;00m
[32m    379[39m [38;5;66;03m# is used, needed because datetime columns don't support mixed time zone[39;00m
[32m    380[39m [38;5;66;03m# offsets + e.g. for .fgb files time zone info isn't handled correctly even[39;00m
[32m    381[39m [38;5;66;03m# for unique time zone offsets if datetimes are not read as string.[39;00m
[32m--> [39m[32m382[39m result = [43mread_func[49m[43m([49m
[32m    383[39m [43m    [49m[43mpath_or_buffer[49m[43m,[49m
[32m    384[39m [43m    [49m[43mlayer[49m[43m=[49m[43mlayer[49m[43m,[49m
[32m    385[39m [43m    [49m[43mencoding[49m[43m=[49m[43mencoding[49m[43m,[49m
[32m    386[39m [43m    [49m[43mcolumns[49m[43m=[49m[43mcolumns[49m[43m,[49m
[32m    387[39m [43m    [49m[43mread_geometry[49m[43m=[49m[43mread_geometry[49m[43m,[49m
[32m    388[39m [43m    [49m[43mforce_2d[49m[43m=[49m[43mgdal_force_2d[49m[43m,[49m
[32m    389[39m [43m    [49m[43mskip_features[49m[43m=[49m[43mskip_features[49m[43m,[49m
[32m    390[39m [43m    [49m[43mmax_features[49m[43m=[49m[43mmax_features[49m[43m,[49m
[32m    391[39m [43m    [49m[43mwhere[49m[43m=[49m[43mwhere[49m[43m,[49m
[32m    392[39m [43m    [49m[43mbbox[49m[43m=[49m[43mbbox[49m[43m,[49m
[32m    393[39m [43m    [49m[43mmask[49m[43m=[49m[43mmask[49m[43m,[49m
[32m    394[39m [43m    [49m[43mfids[49m[43m=[49m[43mfids[49m[43m,[49m
[32m    395[39m [43m    [49m[43msql[49m[43m=[49m[43msql[49m[43m,[49m
[32m    396[39m [43m    [49m[43msql_dialect[49m[43m=[49m[43msql_dialect[49m[43m,[49m
[32m    397[39m [43m    [49m[43mreturn_fids[49m[43m=[49m[43mfid_as_index[49m[43m,[49m
[32m    398[39m [43m    [49m[43mdatetime_as_string[49m[43m=[49m[38;5;28;43;01mTrue[39;49;00m[43m,[49m
[32m    399[39m [43m    [49m[43m*[49m[43m*[49m[43mkwargs[49m[43m,[49m
[32m    400[39m [43m[49m[43m)[49m
[32m    402[39m [38;5;28;01mif[39;00m use_arrow:
[32m    403[39m     [38;5;28;01mimport[39;00m[38;5;250m [39m[34;01mpyarrow[39;00m[38;5;250m [39m[38;5;28;01mas[39;00m[38;5;250m [39m[34;01mpa[39;00m

[36mFile [39m[32m~\AppData\Local\Programs\Python\Python311\Lib\site-packages\pyogrio\raw.py:200[39m, in [36mread[39m[34m(path_or_buffer, layer, encoding, columns, read_geometry, force_2d, skip_features, max_features, where, bbox, mask, fids, sql, sql_dialect, return_fids, datetime_as_string, **kwargs)[39m
[32m     59[39m [38;5;250m[39m[33;03m"""Read OGR data source into numpy arrays.[39;00m
[32m     60[39m 
[32m     61[39m [33;03mIMPORTANT: non-linear geometry types (e.g., MultiSurface) are converted[39;00m
[32m   (...)[39m[32m    196[39m 
[32m    197[39m [33;03m"""[39;00m
[32m    198[39m dataset_kwargs = _preprocess_options_key_value(kwargs) [38;5;28;01mif[39;00m kwargs [38;5;28;01melse[39;00m {}
[32m--> [39m[32m200[39m [38;5;28;01mreturn[39;00m [43mogr_read[49m[43m([49m
[32m    201[39m [43m    [49m[43mget_vsi_path_or_buffer[49m[43m([49m[43mpath_or_buffer[49m[43m)[49m[43m,[49m
[32m    202[39m [43m    [49m[43mlayer[49m[43m=[49m[43mlayer[49m[43m,[49m
[32m    203[39m [43m    [49m[43mencoding[49m[43m=[49m[43mencoding[49m[43m,[49m
[32m    204[39m [43m    [49m[43mcolumns[49m[43m=[49m[43mcolumns[49m[43m,[49m
[32m    205[39m [43m    [49m[43mread_geometry[49m[43m=[49m[43mread_geometry[49m[43m,[49m
[32m    206[39m [43m    [49m[43mforce_2d[49m[43m=[49m[43mforce_2d[49m[43m,[49m
[32m    207[39m [43m    [49m[43mskip_features[49m[43m=[49m[43mskip_features[49m[43m,[49m
[32m    208[39m [43m    [49m[43mmax_features[49m[43m=[49m[43mmax_features[49m[43m [49m[38;5;129;43;01mor[39;49;00m[43m [49m[32;43m0[39;49m[43m,[49m
[32m    209[39m [43m    [49m[43mwhere[49m[43m=[49m[43mwhere[49m[43m,[49m
[32m    210[39m [43m    [49m[43mbbox[49m[43m=[49m[43mbbox[49m[43m,[49m
[32m    211[39m [43m    [49m[43mmask[49m[43m=[49m[43m_mask_to_wkb[49m[43m([49m[43mmask[49m[43m)[49m[43m,[49m
[32m    212[39m [43m    [49m[43mfids[49m[43m=[49m[43mfids[49m[43m,[49m
[32m    213[39m [43m    [49m[43msql[49m[43m=[49m[43msql[49m[43m,[49m
[32m    214[39m [43m    [49m[43msql_dialect[49m[43m=[49m[43msql_dialect[49m[43m,[49m
[32m    215[39m [43m    [49m[43mreturn_fids[49m[43m=[49m[43mreturn_fids[49m[43m,[49m
[32m    216[39m [43m    [49m[43mdataset_kwargs[49m[43m=[49m[43mdataset_kwargs[49m[43m,[49m
[32m    217[39m [43m    [49m[43mdatetime_as_string[49m[43m=[49m[43mdatetime_as_string[49m[43m,[49m
[32m    218[39m [43m[49m[43m)[49m

[36mFile [39m[32mpyogrio/_io.pyx:1708[39m, in [36mpyogrio._io.ogr_read[39m[34m()[39m

[36mFile [39m[32mpyogrio/_io.pyx:290[39m, in [36mpyogrio._io.ogr_open[39m[34m()[39m

[31mDataSourceError[39m: '/vsizip/./sawah.zip' does not exist in the file system, and is not recognized as a supported dataset name.

